C51 COMPILER V9.51   DUO                                                                   08/04/2019 12:18:24 PAGE 1   


C51 COMPILER V9.51, COMPILATION OF MODULE DUO
OBJECT MODULE PLACED IN duo.OBJ
COMPILER INVOKED BY: C:\Keil\C51\BIN\C51.EXE duo.c BROWSE DEBUG OBJECTEXTEND TABS(2)

line level    source

   1          #include<STC15F2K60S2.h>
   2          int flag=0;
   3          sbit pwm1=P1^1;
   4          sbit key1=P3^2;
   5          unsigned int value[]={6,9,15,21,15,9};//6-0°；15-90°；24-180°
   6          unsigned int percent = 0;
   7          int k=0,count=0;
   8          void Timer0Initial()
   9          {
  10   1        TH0 = 0xFF;
  11   1        TL0 = 0xA4;
  12   1      } //0.1ms产生一次中断
  13           
  14          void initial_Timer()
  15          {
  16   1        
  17   1        EA = 1;      
  18   1        ET0 = 1;  
  19   1        AUXR &= 0x7F; 
  20   1        TMOD &= 0xF0;
  21   1        TMOD |= 0x01; 
  22   1        Timer0Initial();   
  23   1        TR0 = 1;        
  24   1      }
  25           
  26          void delay(unsigned int x)
  27          {
  28   1        unsigned int i,j;
  29   1        for(i = 0;i< x; ++i)
  30   1          for(j = 120; j >0 ; --j)
  31   1            ;
  32   1      }
  33          
  34          void keyscan()
  35          {
  36   1        if(key1 == 0)
  37   1        {
  38   2          delay(3);
  39   2          if(key1 == 0)
  40   2          {
  41   3            
  42   3            while(!key1);
  43   3            
  44   3            flag=!flag;
  45   3          }
  46   2          
  47   2        }
  48   1       
  49   1        
  50   1      }
  51           
  52          void initial()
  53          {
  54   1        key1 = 1;
  55   1        
C51 COMPILER V9.51   DUO                                                                   08/04/2019 12:18:24 PAGE 2   

  56   1        
  57   1        initial_Timer();
  58   1      }
  59          
  60          void Timer0() interrupt 1 using 0
  61          {
  62   1        if(flag==1){
  63   2          percent += 1;
  64   2          if(percent == 200)
  65   2          {
  66   3            count++;
  67   3            percent = 0;
  68   3            pwm1 = 1;
  69   3          }
  70   2          if(percent == value[k])
  71   2          {
  72   3            
  73   3            pwm1 = 0;
  74   3          }
  75   2          if(count==20){
  76   3            count=0;
  77   3            k++;
  78   3            if(k==6)k=0;
  79   3          }
  80   2        }
  81   1        Timer0Initial();
  82   1       
  83   1      }
  84          
  85          void main()
  86          {
  87   1        initial();
  88   1        while(1)
  89   1        {
  90   2          keyscan();
  91   2          delay(10);
  92   2        }
  93   1      }


MODULE INFORMATION:   STATIC OVERLAYABLE
   CODE SIZE        =    215    ----
   CONSTANT SIZE    =   ----    ----
   XDATA SIZE       =   ----    ----
   PDATA SIZE       =   ----    ----
   DATA SIZE        =     20    ----
   IDATA SIZE       =   ----    ----
   BIT SIZE         =   ----    ----
END OF MODULE INFORMATION.


C51 COMPILATION COMPLETE.  0 WARNING(S),  0 ERROR(S)
